// Jest Snapshot v1, https://goo.gl/fbAQLP

exports[`HEADER TESTS should match the snapshot 1`] = `
ShallowWrapper {
  "length": 1,
  Symbol(enzyme.__root__): [Circular],
  Symbol(enzyme.__unrendered__): <Header />,
  Symbol(enzyme.__renderer__): Object {
    "batchedUpdates": [Function],
    "getNode": [Function],
    "render": [Function],
    "simulateEvent": [Function],
    "unmount": [Function],
  },
  Symbol(enzyme.__node__): Object {
    "instance": null,
    "key": undefined,
    "nodeType": "host",
    "props": Object {
      "children": <ul
        className="navigation-links"
>
        <li>
                <NavLink
                        activeClassName="active"
                        aria-current="page"
                        className="home-link"
                        to="/"
                >
                        Home
                </NavLink>
        </li>
        <li>
                <NavLink
                        activeClassName="active"
                        aria-current="page"
                        className="login-link"
                        to="/login"
                >
                        Login
                </NavLink>
        </li>
        <li>
                <NavLink
                        activeClassName="active"
                        aria-current="page"
                        className="search-link"
                        to="/search"
                >
                        Search
                </NavLink>
        </li>
</ul>,
      "className": "header",
    },
    "ref": null,
    "rendered": Object {
      "instance": null,
      "key": undefined,
      "nodeType": "host",
      "props": Object {
        "children": Array [
          <li>
            <NavLink
                        activeClassName="active"
                        aria-current="page"
                        className="home-link"
                        to="/"
            >
                        Home
            </NavLink>
</li>,
          <li>
            <NavLink
                        activeClassName="active"
                        aria-current="page"
                        className="login-link"
                        to="/login"
            >
                        Login
            </NavLink>
</li>,
          <li>
            <NavLink
                        activeClassName="active"
                        aria-current="page"
                        className="search-link"
                        to="/search"
            >
                        Search
            </NavLink>
</li>,
        ],
        "className": "navigation-links",
      },
      "ref": null,
      "rendered": Array [
        Object {
          "instance": null,
          "key": undefined,
          "nodeType": "host",
          "props": Object {
            "children": <NavLink
              activeClassName="active"
              aria-current="page"
              className="home-link"
              to="/"
>
              Home
</NavLink>,
          },
          "ref": null,
          "rendered": Object {
            "instance": null,
            "key": undefined,
            "nodeType": "function",
            "props": Object {
              "activeClassName": "active",
              "aria-current": "page",
              "children": "Home",
              "className": "home-link",
              "to": "/",
            },
            "ref": null,
            "rendered": "Home",
            "type": [Function],
          },
          "type": "li",
        },
        Object {
          "instance": null,
          "key": undefined,
          "nodeType": "host",
          "props": Object {
            "children": <NavLink
              activeClassName="active"
              aria-current="page"
              className="login-link"
              to="/login"
>
              Login
</NavLink>,
          },
          "ref": null,
          "rendered": Object {
            "instance": null,
            "key": undefined,
            "nodeType": "function",
            "props": Object {
              "activeClassName": "active",
              "aria-current": "page",
              "children": "Login",
              "className": "login-link",
              "to": "/login",
            },
            "ref": null,
            "rendered": "Login",
            "type": [Function],
          },
          "type": "li",
        },
        Object {
          "instance": null,
          "key": undefined,
          "nodeType": "host",
          "props": Object {
            "children": <NavLink
              activeClassName="active"
              aria-current="page"
              className="search-link"
              to="/search"
>
              Search
</NavLink>,
          },
          "ref": null,
          "rendered": Object {
            "instance": null,
            "key": undefined,
            "nodeType": "function",
            "props": Object {
              "activeClassName": "active",
              "aria-current": "page",
              "children": "Search",
              "className": "search-link",
              "to": "/search",
            },
            "ref": null,
            "rendered": "Search",
            "type": [Function],
          },
          "type": "li",
        },
      ],
      "type": "ul",
    },
    "type": "div",
  },
  Symbol(enzyme.__nodes__): Array [
    Object {
      "instance": null,
      "key": undefined,
      "nodeType": "host",
      "props": Object {
        "children": <ul
          className="navigation-links"
>
          <li>
                    <NavLink
                              activeClassName="active"
                              aria-current="page"
                              className="home-link"
                              to="/"
                    >
                              Home
                    </NavLink>
          </li>
          <li>
                    <NavLink
                              activeClassName="active"
                              aria-current="page"
                              className="login-link"
                              to="/login"
                    >
                              Login
                    </NavLink>
          </li>
          <li>
                    <NavLink
                              activeClassName="active"
                              aria-current="page"
                              className="search-link"
                              to="/search"
                    >
                              Search
                    </NavLink>
          </li>
</ul>,
        "className": "header",
      },
      "ref": null,
      "rendered": Object {
        "instance": null,
        "key": undefined,
        "nodeType": "host",
        "props": Object {
          "children": Array [
            <li>
              <NavLink
                            activeClassName="active"
                            aria-current="page"
                            className="home-link"
                            to="/"
              >
                            Home
              </NavLink>
</li>,
            <li>
              <NavLink
                            activeClassName="active"
                            aria-current="page"
                            className="login-link"
                            to="/login"
              >
                            Login
              </NavLink>
</li>,
            <li>
              <NavLink
                            activeClassName="active"
                            aria-current="page"
                            className="search-link"
                            to="/search"
              >
                            Search
              </NavLink>
</li>,
          ],
          "className": "navigation-links",
        },
        "ref": null,
        "rendered": Array [
          Object {
            "instance": null,
            "key": undefined,
            "nodeType": "host",
            "props": Object {
              "children": <NavLink
                activeClassName="active"
                aria-current="page"
                className="home-link"
                to="/"
>
                Home
</NavLink>,
            },
            "ref": null,
            "rendered": Object {
              "instance": null,
              "key": undefined,
              "nodeType": "function",
              "props": Object {
                "activeClassName": "active",
                "aria-current": "page",
                "children": "Home",
                "className": "home-link",
                "to": "/",
              },
              "ref": null,
              "rendered": "Home",
              "type": [Function],
            },
            "type": "li",
          },
          Object {
            "instance": null,
            "key": undefined,
            "nodeType": "host",
            "props": Object {
              "children": <NavLink
                activeClassName="active"
                aria-current="page"
                className="login-link"
                to="/login"
>
                Login
</NavLink>,
            },
            "ref": null,
            "rendered": Object {
              "instance": null,
              "key": undefined,
              "nodeType": "function",
              "props": Object {
                "activeClassName": "active",
                "aria-current": "page",
                "children": "Login",
                "className": "login-link",
                "to": "/login",
              },
              "ref": null,
              "rendered": "Login",
              "type": [Function],
            },
            "type": "li",
          },
          Object {
            "instance": null,
            "key": undefined,
            "nodeType": "host",
            "props": Object {
              "children": <NavLink
                activeClassName="active"
                aria-current="page"
                className="search-link"
                to="/search"
>
                Search
</NavLink>,
            },
            "ref": null,
            "rendered": Object {
              "instance": null,
              "key": undefined,
              "nodeType": "function",
              "props": Object {
                "activeClassName": "active",
                "aria-current": "page",
                "children": "Search",
                "className": "search-link",
                "to": "/search",
              },
              "ref": null,
              "rendered": "Search",
              "type": [Function],
            },
            "type": "li",
          },
        ],
        "type": "ul",
      },
      "type": "div",
    },
  ],
  Symbol(enzyme.__options__): Object {
    "adapter": ReactSixteenAdapter {
      "options": Object {
        "enableComponentDidUpdateOnSetState": true,
      },
    },
  },
}
`;
