// Jest Snapshot v1, https://goo.gl/fbAQLP

exports[`LOGINFORM TESTS should match the snapshot with a user 1`] = `
ShallowWrapper {
  "length": 1,
  Symbol(enzyme.__root__): [Circular],
  Symbol(enzyme.__unrendered__): <LoginForm
    addVisited={[Function]}
    history={
        Object {
            "push": [Function],
          }
    }
    loginUser={[Function]}
/>,
  Symbol(enzyme.__renderer__): Object {
    "batchedUpdates": [Function],
    "getNode": [Function],
    "render": [Function],
    "simulateEvent": [Function],
    "unmount": [Function],
  },
  Symbol(enzyme.__node__): Object {
    "instance": null,
    "key": undefined,
    "nodeType": "host",
    "props": Object {
      "children": <form
        className="login-form login-form-test"
        onSubmit={[Function]}
>
        <div
                className="inputs"
        >
                <label
                        htmlFor="username"
                >
                        Username:
                </label>
                <input
                        aria-label="Please Enter Your Username"
                        className="username-field input-fields"
                        id="username"
                        name="username"
                        onChange={[Function]}
                        type="text"
                        value=""
                />
                <label
                        htmlFor="email"
                >
                        Email:
                </label>
                <input
                        aria-label="Please Enter Your Email"
                        className="email-field input-fields"
                        id="email"
                        name="email"
                        onChange={[Function]}
                        type="text"
                        value=""
                />
                <label
                        htmlFor="password"
                >
                        Password:
                </label>
                <input
                        aria-label="Please Enter Your Password"
                        className="password-field input-fields"
                        name="password"
                        onChange={[Function]}
                        type="password"
                        value=""
                />
                <button
                        aria-label="Sign in to your account"
                        className="login-button"
                >
                        Login
                </button>
        </div>
        <Link
                replace={false}
                to="/signup"
        >
                Don't have an account?
        </Link>
</form>,
      "className": "login-form-container",
    },
    "ref": null,
    "rendered": Object {
      "instance": null,
      "key": undefined,
      "nodeType": "host",
      "props": Object {
        "children": Array [
          <div
            className="inputs"
>
            <label
                        htmlFor="username"
            >
                        Username:
            </label>
            <input
                        aria-label="Please Enter Your Username"
                        className="username-field input-fields"
                        id="username"
                        name="username"
                        onChange={[Function]}
                        type="text"
                        value=""
            />
            <label
                        htmlFor="email"
            >
                        Email:
            </label>
            <input
                        aria-label="Please Enter Your Email"
                        className="email-field input-fields"
                        id="email"
                        name="email"
                        onChange={[Function]}
                        type="text"
                        value=""
            />
            <label
                        htmlFor="password"
            >
                        Password:
            </label>
            <input
                        aria-label="Please Enter Your Password"
                        className="password-field input-fields"
                        name="password"
                        onChange={[Function]}
                        type="password"
                        value=""
            />
            <button
                        aria-label="Sign in to your account"
                        className="login-button"
            >
                        Login
            </button>
</div>,
          <Link
            replace={false}
            to="/signup"
>
            Don't have an account?
</Link>,
        ],
        "className": "login-form login-form-test",
        "onSubmit": [Function],
      },
      "ref": null,
      "rendered": Array [
        Object {
          "instance": null,
          "key": undefined,
          "nodeType": "host",
          "props": Object {
            "children": Array [
              <label
                htmlFor="username"
>
                Username:
</label>,
              <input
                aria-label="Please Enter Your Username"
                className="username-field input-fields"
                id="username"
                name="username"
                onChange={[Function]}
                type="text"
                value=""
/>,
              <label
                htmlFor="email"
>
                Email:
</label>,
              <input
                aria-label="Please Enter Your Email"
                className="email-field input-fields"
                id="email"
                name="email"
                onChange={[Function]}
                type="text"
                value=""
/>,
              <label
                htmlFor="password"
>
                Password:
</label>,
              <input
                aria-label="Please Enter Your Password"
                className="password-field input-fields"
                name="password"
                onChange={[Function]}
                type="password"
                value=""
/>,
              <button
                aria-label="Sign in to your account"
                className="login-button"
>
                Login
</button>,
            ],
            "className": "inputs",
          },
          "ref": null,
          "rendered": Array [
            Object {
              "instance": null,
              "key": undefined,
              "nodeType": "host",
              "props": Object {
                "children": "Username:",
                "htmlFor": "username",
              },
              "ref": null,
              "rendered": "Username:",
              "type": "label",
            },
            Object {
              "instance": null,
              "key": undefined,
              "nodeType": "host",
              "props": Object {
                "aria-label": "Please Enter Your Username",
                "className": "username-field input-fields",
                "id": "username",
                "name": "username",
                "onChange": [Function],
                "type": "text",
                "value": "",
              },
              "ref": null,
              "rendered": null,
              "type": "input",
            },
            Object {
              "instance": null,
              "key": undefined,
              "nodeType": "host",
              "props": Object {
                "children": "Email:",
                "htmlFor": "email",
              },
              "ref": null,
              "rendered": "Email:",
              "type": "label",
            },
            Object {
              "instance": null,
              "key": undefined,
              "nodeType": "host",
              "props": Object {
                "aria-label": "Please Enter Your Email",
                "className": "email-field input-fields",
                "id": "email",
                "name": "email",
                "onChange": [Function],
                "type": "text",
                "value": "",
              },
              "ref": null,
              "rendered": null,
              "type": "input",
            },
            Object {
              "instance": null,
              "key": undefined,
              "nodeType": "host",
              "props": Object {
                "children": "Password:",
                "htmlFor": "password",
              },
              "ref": null,
              "rendered": "Password:",
              "type": "label",
            },
            Object {
              "instance": null,
              "key": undefined,
              "nodeType": "host",
              "props": Object {
                "aria-label": "Please Enter Your Password",
                "className": "password-field input-fields",
                "name": "password",
                "onChange": [Function],
                "type": "password",
                "value": "",
              },
              "ref": null,
              "rendered": null,
              "type": "input",
            },
            Object {
              "instance": null,
              "key": undefined,
              "nodeType": "host",
              "props": Object {
                "aria-label": "Sign in to your account",
                "children": "Login",
                "className": "login-button",
              },
              "ref": null,
              "rendered": "Login",
              "type": "button",
            },
          ],
          "type": "div",
        },
        Object {
          "instance": null,
          "key": undefined,
          "nodeType": "class",
          "props": Object {
            "children": "Don't have an account?",
            "replace": false,
            "to": "/signup",
          },
          "ref": null,
          "rendered": "Don't have an account?",
          "type": [Function],
        },
      ],
      "type": "form",
    },
    "type": "div",
  },
  Symbol(enzyme.__nodes__): Array [
    Object {
      "instance": null,
      "key": undefined,
      "nodeType": "host",
      "props": Object {
        "children": <form
          className="login-form login-form-test"
          onSubmit={[Function]}
>
          <div
                    className="inputs"
          >
                    <label
                              htmlFor="username"
                    >
                              Username:
                    </label>
                    <input
                              aria-label="Please Enter Your Username"
                              className="username-field input-fields"
                              id="username"
                              name="username"
                              onChange={[Function]}
                              type="text"
                              value=""
                    />
                    <label
                              htmlFor="email"
                    >
                              Email:
                    </label>
                    <input
                              aria-label="Please Enter Your Email"
                              className="email-field input-fields"
                              id="email"
                              name="email"
                              onChange={[Function]}
                              type="text"
                              value=""
                    />
                    <label
                              htmlFor="password"
                    >
                              Password:
                    </label>
                    <input
                              aria-label="Please Enter Your Password"
                              className="password-field input-fields"
                              name="password"
                              onChange={[Function]}
                              type="password"
                              value=""
                    />
                    <button
                              aria-label="Sign in to your account"
                              className="login-button"
                    >
                              Login
                    </button>
          </div>
          <Link
                    replace={false}
                    to="/signup"
          >
                    Don't have an account?
          </Link>
</form>,
        "className": "login-form-container",
      },
      "ref": null,
      "rendered": Object {
        "instance": null,
        "key": undefined,
        "nodeType": "host",
        "props": Object {
          "children": Array [
            <div
              className="inputs"
>
              <label
                            htmlFor="username"
              >
                            Username:
              </label>
              <input
                            aria-label="Please Enter Your Username"
                            className="username-field input-fields"
                            id="username"
                            name="username"
                            onChange={[Function]}
                            type="text"
                            value=""
              />
              <label
                            htmlFor="email"
              >
                            Email:
              </label>
              <input
                            aria-label="Please Enter Your Email"
                            className="email-field input-fields"
                            id="email"
                            name="email"
                            onChange={[Function]}
                            type="text"
                            value=""
              />
              <label
                            htmlFor="password"
              >
                            Password:
              </label>
              <input
                            aria-label="Please Enter Your Password"
                            className="password-field input-fields"
                            name="password"
                            onChange={[Function]}
                            type="password"
                            value=""
              />
              <button
                            aria-label="Sign in to your account"
                            className="login-button"
              >
                            Login
              </button>
</div>,
            <Link
              replace={false}
              to="/signup"
>
              Don't have an account?
</Link>,
          ],
          "className": "login-form login-form-test",
          "onSubmit": [Function],
        },
        "ref": null,
        "rendered": Array [
          Object {
            "instance": null,
            "key": undefined,
            "nodeType": "host",
            "props": Object {
              "children": Array [
                <label
                  htmlFor="username"
>
                  Username:
</label>,
                <input
                  aria-label="Please Enter Your Username"
                  className="username-field input-fields"
                  id="username"
                  name="username"
                  onChange={[Function]}
                  type="text"
                  value=""
/>,
                <label
                  htmlFor="email"
>
                  Email:
</label>,
                <input
                  aria-label="Please Enter Your Email"
                  className="email-field input-fields"
                  id="email"
                  name="email"
                  onChange={[Function]}
                  type="text"
                  value=""
/>,
                <label
                  htmlFor="password"
>
                  Password:
</label>,
                <input
                  aria-label="Please Enter Your Password"
                  className="password-field input-fields"
                  name="password"
                  onChange={[Function]}
                  type="password"
                  value=""
/>,
                <button
                  aria-label="Sign in to your account"
                  className="login-button"
>
                  Login
</button>,
              ],
              "className": "inputs",
            },
            "ref": null,
            "rendered": Array [
              Object {
                "instance": null,
                "key": undefined,
                "nodeType": "host",
                "props": Object {
                  "children": "Username:",
                  "htmlFor": "username",
                },
                "ref": null,
                "rendered": "Username:",
                "type": "label",
              },
              Object {
                "instance": null,
                "key": undefined,
                "nodeType": "host",
                "props": Object {
                  "aria-label": "Please Enter Your Username",
                  "className": "username-field input-fields",
                  "id": "username",
                  "name": "username",
                  "onChange": [Function],
                  "type": "text",
                  "value": "",
                },
                "ref": null,
                "rendered": null,
                "type": "input",
              },
              Object {
                "instance": null,
                "key": undefined,
                "nodeType": "host",
                "props": Object {
                  "children": "Email:",
                  "htmlFor": "email",
                },
                "ref": null,
                "rendered": "Email:",
                "type": "label",
              },
              Object {
                "instance": null,
                "key": undefined,
                "nodeType": "host",
                "props": Object {
                  "aria-label": "Please Enter Your Email",
                  "className": "email-field input-fields",
                  "id": "email",
                  "name": "email",
                  "onChange": [Function],
                  "type": "text",
                  "value": "",
                },
                "ref": null,
                "rendered": null,
                "type": "input",
              },
              Object {
                "instance": null,
                "key": undefined,
                "nodeType": "host",
                "props": Object {
                  "children": "Password:",
                  "htmlFor": "password",
                },
                "ref": null,
                "rendered": "Password:",
                "type": "label",
              },
              Object {
                "instance": null,
                "key": undefined,
                "nodeType": "host",
                "props": Object {
                  "aria-label": "Please Enter Your Password",
                  "className": "password-field input-fields",
                  "name": "password",
                  "onChange": [Function],
                  "type": "password",
                  "value": "",
                },
                "ref": null,
                "rendered": null,
                "type": "input",
              },
              Object {
                "instance": null,
                "key": undefined,
                "nodeType": "host",
                "props": Object {
                  "aria-label": "Sign in to your account",
                  "children": "Login",
                  "className": "login-button",
                },
                "ref": null,
                "rendered": "Login",
                "type": "button",
              },
            ],
            "type": "div",
          },
          Object {
            "instance": null,
            "key": undefined,
            "nodeType": "class",
            "props": Object {
              "children": "Don't have an account?",
              "replace": false,
              "to": "/signup",
            },
            "ref": null,
            "rendered": "Don't have an account?",
            "type": [Function],
          },
        ],
        "type": "form",
      },
      "type": "div",
    },
  ],
  Symbol(enzyme.__options__): Object {
    "adapter": ReactSixteenAdapter {
      "options": Object {
        "enableComponentDidUpdateOnSetState": true,
      },
    },
  },
}
`;

exports[`LOGINFORM TESTS should match the snapshot without a user 1`] = `
ShallowWrapper {
  "length": 1,
  Symbol(enzyme.__root__): [Circular],
  Symbol(enzyme.__unrendered__): <LoginForm
    username="Tory"
/>,
  Symbol(enzyme.__renderer__): Object {
    "batchedUpdates": [Function],
    "getNode": [Function],
    "render": [Function],
    "simulateEvent": [Function],
    "unmount": [Function],
  },
  Symbol(enzyme.__node__): Object {
    "instance": null,
    "key": undefined,
    "nodeType": "host",
    "props": Object {
      "children": <Connect(SearchForm) />,
    },
    "ref": null,
    "rendered": Object {
      "instance": null,
      "key": undefined,
      "nodeType": "class",
      "props": Object {},
      "ref": null,
      "rendered": null,
      "type": [Function],
    },
    "type": "div",
  },
  Symbol(enzyme.__nodes__): Array [
    Object {
      "instance": null,
      "key": undefined,
      "nodeType": "host",
      "props": Object {
        "children": <Connect(SearchForm) />,
      },
      "ref": null,
      "rendered": Object {
        "instance": null,
        "key": undefined,
        "nodeType": "class",
        "props": Object {},
        "ref": null,
        "rendered": null,
        "type": [Function],
      },
      "type": "div",
    },
  ],
  Symbol(enzyme.__options__): Object {
    "adapter": ReactSixteenAdapter {
      "options": Object {
        "enableComponentDidUpdateOnSetState": true,
      },
    },
  },
}
`;
