// Jest Snapshot v1, https://goo.gl/fbAQLP

exports[`CARDCONTAINER TESTS should match the snapshot 1`] = `
ShallowWrapper {
  "length": 1,
  Symbol(enzyme.__root__): [Circular],
  Symbol(enzyme.__unrendered__): <CardContainer
    restaurants={
        Array [
            Object {
              "name": "PeeWees",
            },
          ]
    }
/>,
  Symbol(enzyme.__renderer__): Object {
    "batchedUpdates": [Function],
    "getNode": [Function],
    "render": [Function],
    "simulateEvent": [Function],
    "unmount": [Function],
  },
  Symbol(enzyme.__node__): Object {
    "instance": null,
    "key": undefined,
    "nodeType": "host",
    "props": Object {
      "children": Array [
        <Card
          name="PeeWees"
/>,
      ],
      "className": "card-container",
    },
    "ref": null,
    "rendered": Array [
      Object {
        "instance": null,
        "key": "0 + PeeWees",
        "nodeType": "function",
        "props": Object {
          "name": "PeeWees",
        },
        "ref": null,
        "rendered": null,
        "type": [Function],
      },
    ],
    "type": "div",
  },
  Symbol(enzyme.__nodes__): Array [
    Object {
      "instance": null,
      "key": undefined,
      "nodeType": "host",
      "props": Object {
        "children": Array [
          <Card
            name="PeeWees"
/>,
        ],
        "className": "card-container",
      },
      "ref": null,
      "rendered": Array [
        Object {
          "instance": null,
          "key": "0 + PeeWees",
          "nodeType": "function",
          "props": Object {
            "name": "PeeWees",
          },
          "ref": null,
          "rendered": null,
          "type": [Function],
        },
      ],
      "type": "div",
    },
  ],
  Symbol(enzyme.__options__): Object {
    "adapter": ReactSixteenAdapter {
      "options": Object {
        "enableComponentDidUpdateOnSetState": true,
      },
    },
  },
}
`;
