// Jest Snapshot v1, https://goo.gl/fbAQLP

exports[`SEARCHFORM TESTS should match the snapshot 1`] = `
ShallowWrapper {
  "length": 1,
  Symbol(enzyme.__root__): [Circular],
  Symbol(enzyme.__unrendered__): <SearchForm />,
  Symbol(enzyme.__renderer__): Object {
    "batchedUpdates": [Function],
    "getNode": [Function],
    "render": [Function],
    "simulateEvent": [Function],
    "unmount": [Function],
  },
  Symbol(enzyme.__node__): Object {
    "instance": null,
    "key": undefined,
    "nodeType": "host",
    "props": Object {
      "children": <form
        className="login-form"
        onSubmit={[Function]}
>
        <input
                aria-label="Enter Your Location"
                className="location-field"
                name="location"
                onChange={[Function]}
                placeholder="Enter a city and state to find BBQ!"
                type="text"
                value=""
        />
        <button
                aria-label="Submit location"
                className="submit-location-button"
        >
                Submit
        </button>
</form>,
    },
    "ref": null,
    "rendered": Object {
      "instance": null,
      "key": undefined,
      "nodeType": "host",
      "props": Object {
        "children": Array [
          <input
            aria-label="Enter Your Location"
            className="location-field"
            name="location"
            onChange={[Function]}
            placeholder="Enter a city and state to find BBQ!"
            type="text"
            value=""
/>,
          <button
            aria-label="Submit location"
            className="submit-location-button"
>
            Submit
</button>,
        ],
        "className": "login-form",
        "onSubmit": [Function],
      },
      "ref": null,
      "rendered": Array [
        Object {
          "instance": null,
          "key": undefined,
          "nodeType": "host",
          "props": Object {
            "aria-label": "Enter Your Location",
            "className": "location-field",
            "name": "location",
            "onChange": [Function],
            "placeholder": "Enter a city and state to find BBQ!",
            "type": "text",
            "value": "",
          },
          "ref": null,
          "rendered": null,
          "type": "input",
        },
        Object {
          "instance": null,
          "key": undefined,
          "nodeType": "host",
          "props": Object {
            "aria-label": "Submit location",
            "children": "Submit",
            "className": "submit-location-button",
          },
          "ref": null,
          "rendered": "Submit",
          "type": "button",
        },
      ],
      "type": "form",
    },
    "type": "div",
  },
  Symbol(enzyme.__nodes__): Array [
    Object {
      "instance": null,
      "key": undefined,
      "nodeType": "host",
      "props": Object {
        "children": <form
          className="login-form"
          onSubmit={[Function]}
>
          <input
                    aria-label="Enter Your Location"
                    className="location-field"
                    name="location"
                    onChange={[Function]}
                    placeholder="Enter a city and state to find BBQ!"
                    type="text"
                    value=""
          />
          <button
                    aria-label="Submit location"
                    className="submit-location-button"
          >
                    Submit
          </button>
</form>,
      },
      "ref": null,
      "rendered": Object {
        "instance": null,
        "key": undefined,
        "nodeType": "host",
        "props": Object {
          "children": Array [
            <input
              aria-label="Enter Your Location"
              className="location-field"
              name="location"
              onChange={[Function]}
              placeholder="Enter a city and state to find BBQ!"
              type="text"
              value=""
/>,
            <button
              aria-label="Submit location"
              className="submit-location-button"
>
              Submit
</button>,
          ],
          "className": "login-form",
          "onSubmit": [Function],
        },
        "ref": null,
        "rendered": Array [
          Object {
            "instance": null,
            "key": undefined,
            "nodeType": "host",
            "props": Object {
              "aria-label": "Enter Your Location",
              "className": "location-field",
              "name": "location",
              "onChange": [Function],
              "placeholder": "Enter a city and state to find BBQ!",
              "type": "text",
              "value": "",
            },
            "ref": null,
            "rendered": null,
            "type": "input",
          },
          Object {
            "instance": null,
            "key": undefined,
            "nodeType": "host",
            "props": Object {
              "aria-label": "Submit location",
              "children": "Submit",
              "className": "submit-location-button",
            },
            "ref": null,
            "rendered": "Submit",
            "type": "button",
          },
        ],
        "type": "form",
      },
      "type": "div",
    },
  ],
  Symbol(enzyme.__options__): Object {
    "adapter": ReactSixteenAdapter {
      "options": Object {
        "enableComponentDidUpdateOnSetState": true,
      },
    },
  },
}
`;
